Archive member included because of file (symbol)

/usr/local/arm/gcc-linaro-4.9.4-2017.01-x86_64_arm-linux-gnueabihf/bin/../lib/gcc/arm-linux-gnueabihf/4.9.4/libgcc.a(_udivsi3.o)
                              arch/arm/cpu/armv7/built-in.o (__aeabi_uidiv)
/usr/local/arm/gcc-linaro-4.9.4-2017.01-x86_64_arm-linux-gnueabihf/bin/../lib/gcc/arm-linux-gnueabihf/4.9.4/libgcc.a(_divsi3.o)
                              cmd/built-in.o (__aeabi_idiv)
/usr/local/arm/gcc-linaro-4.9.4-2017.01-x86_64_arm-linux-gnueabihf/bin/../lib/gcc/arm-linux-gnueabihf/4.9.4/libgcc.a(_lshrdi3.o)
                              fs/built-in.o (__aeabi_llsr)
/usr/local/arm/gcc-linaro-4.9.4-2017.01-x86_64_arm-linux-gnueabihf/bin/../lib/gcc/arm-linux-gnueabihf/4.9.4/libgcc.a(_ashldi3.o)
                              drivers/mmc/built-in.o (__aeabi_llsl)
/usr/local/arm/gcc-linaro-4.9.4-2017.01-x86_64_arm-linux-gnueabihf/bin/../lib/gcc/arm-linux-gnueabihf/4.9.4/libgcc.a(_dvmd_lnx.o)
                              /usr/local/arm/gcc-linaro-4.9.4-2017.01-x86_64_arm-linux-gnueabihf/bin/../lib/gcc/arm-linux-gnueabihf/4.9.4/libgcc.a(_udivsi3.o) (__aeabi_idiv0)

Discarded input sections

 .data          0x0000000000000000        0x0 arch/arm/cpu/armv7/start.o
 .bss           0x0000000000000000        0x0 arch/arm/cpu/armv7/start.o
 .text.v7_arch_cp15_set_l2aux_ctrl
                0x0000000000000000        0x8 arch/arm/cpu/armv7/built-in.o
 .text.v7_arch_cp15_set_acr
                0x0000000000000000        0x8 arch/arm/cpu/armv7/built-in.o
 .text.sdelay   0x0000000000000000        0xc arch/arm/cpu/armv7/built-in.o
 .text.wait_on_value
                0x0000000000000000       0x34 arch/arm/cpu/armv7/built-in.o
 .text.get_nr_cpus
                0x0000000000000000       0x10 arch/arm/cpu/armv7/built-in.o
 .text.board_mmc_get_env_dev
                0x0000000000000000        0x8 arch/arm/cpu/armv7/built-in.o
 .text.get_boot_device
                0x0000000000000000       0x9c arch/arm/cpu/armv7/built-in.o
 .text.enable_uart_clk
                0x0000000000000000       0x54 arch/arm/cpu/armv7/built-in.o
 .text.enable_usdhc_clk
                0x0000000000000000       0x4c arch/arm/cpu/armv7/built-in.o
 .text.enable_spi_clk
                0x0000000000000000       0x44 arch/arm/cpu/armv7/built-in.o
 .text.enable_lvds_bridge
                0x0000000000000000      0x1d8 arch/arm/cpu/armv7/built-in.o
 .text.enable_ipu_clock
                0x0000000000000000       0x90 arch/arm/cpu/armv7/built-in.o
 .data          0x0000000000000000        0x0 arch/arm/cpu/armv7/built-in.o
 .bss           0x0000000000000000        0x0 arch/arm/cpu/armv7/built-in.o
 .text          0x0000000000000000        0x0 arch/arm/imx-common/built-in.o
 .text.imx_iomux_set_gpr_register
                0x0000000000000000       0x40 arch/arm/imx-common/built-in.o
 .text.get_imx_reset_cause
                0x0000000000000000       0x10 arch/arm/imx-common/built-in.o
 .text.set_chipselect_size
                0x0000000000000000       0x84 arch/arm/imx-common/built-in.o
 .text.usec2ticks
                0x0000000000000000       0x64 arch/arm/imx-common/built-in.o
 .data          0x0000000000000000        0x0 arch/arm/imx-common/built-in.o
 .bss           0x0000000000000000        0x0 arch/arm/imx-common/built-in.o
 .text.reset_misc
                0x0000000000000000        0x4 arch/arm/lib/built-in.o
 .text.enable_caches
                0x0000000000000000        0xc arch/arm/lib/built-in.o
 .text.invalidate_dcache_range
                0x0000000000000000        0x4 arch/arm/lib/built-in.o
 .text.flush_dcache_range
                0x0000000000000000        0x4 arch/arm/lib/built-in.o
 .text.flush_dcache_all
                0x0000000000000000        0xc arch/arm/lib/built-in.o
 .text.arm_init_before_mmu
                0x0000000000000000        0x4 arch/arm/lib/built-in.o
 .text.mmu_page_table_flush
                0x0000000000000000        0x4 arch/arm/lib/built-in.o
 .data          0x0000000000000000        0x0 arch/arm/lib/built-in.o
 .__secure_start
                0x0000000000000000        0x0 arch/arm/lib/built-in.o
 .__secure_end  0x0000000000000000        0x0 arch/arm/lib/built-in.o
 .bss           0x0000000000000000        0x0 arch/arm/lib/built-in.o
 .text          0x0000000000000000        0x0 board/freescale/common/built-in.o
 .text.mmc_map_to_kernel_blk
                0x0000000000000000        0x4 board/freescale/common/built-in.o
 .data          0x0000000000000000        0x0 board/freescale/common/built-in.o
 .bss           0x0000000000000000        0x0 board/freescale/common/built-in.o
 .text          0x0000000000000000        0x0 board/freescale/mx6ull_alientek_emmc/built-in.o
 .data          0x0000000000000000        0x0 board/freescale/mx6ull_alientek_emmc/built-in.o
 .bss           0x0000000000000000        0x0 board/freescale/mx6ull_alientek_emmc/built-in.o
 .text          0x0000000000000000        0x0 cmd/built-in.o
 .text.bootz_setup
[...]
Memory Configuration

Name             Origin             Length             Attributes
*default*        0x0000000000000000 0xffffffffffffffff

Linker script and memory map

Address of section .text set to 0x87800000
                0x0000000000000000                . = 0x0
                0x0000000000000000                . = ALIGN (0x4)

.text           0x0000000087800000    0x3ea7c
 *(.__image_copy_start)
 .__image_copy_start
                0x0000000087800000        0x0 arch/arm/lib/built-in.o
                0x0000000087800000                __image_copy_start
 *(.vectors)
 .vectors       0x0000000087800000      0x300 arch/arm/lib/built-in.o
                0x0000000087800000                _start
                0x0000000087800020                _undefined_instruction
                0x0000000087800024                _software_interrupt
                0x0000000087800028                _prefetch_abort
                0x000000008780002c                _data_abort
                0x0000000087800030                _not_used
                0x0000000087800034                _irq
                0x0000000087800038                _fiq
                0x0000000087800040                IRQ_STACK_START_IN
 arch/arm/cpu/armv7/start.o(.text*)
 .text          0x0000000087800300       0xb0 arch/arm/cpu/armv7/start.o
                0x0000000087800300                reset
                0x0000000087800304                save_boot_params_ret
                0x0000000087800340                c_runtime_cpu_setup
                0x0000000087800350                save_boot_params
                0x0000000087800354                cpu_init_cp15
                0x00000000878003a8                cpu_init_crit
 *(.text*)
 .text          0x00000000878003b0       0x24 arch/arm/cpu/armv7/built-in.o
                0x00000000878003b0                lowlevel_init
 .text.v7_maint_dcache_all
                0x00000000878003d4       0xcc arch/arm/cpu/armv7/built-in.o
 .text.invalidate_icache_all
                0x00000000878004a0       0x18 arch/arm/cpu/armv7/built-in.o
                0x00000000878004a0                invalidate_icache_all
 .text.v7_outer_cache_enable
                0x00000000878004b8        0x4 arch/arm/cpu/armv7/built-in.o
                0x00000000878004b8                v7_outer_cache_enable
 .text.v7_outer_cache_disable
                0x00000000878004bc        0x4 arch/arm/cpu/armv7/built-in.o
                0x00000000878004bc                v7_outer_cache_disable
 .text.v7_outer_cache_flush_all
                0x00000000878004c0        0x4 arch/arm/cpu/armv7/built-in.o
                0x00000000878004c0                v7_outer_cache_flush_all
 .text.flush_dcache_all
                0x00000000878004c4       0x14 arch/arm/cpu/armv7/built-in.o
                0x00000000878004c4                flush_dcache_all
 .text.v7_outer_cache_inval_all
                0x00000000878004d8        0x4 arch/arm/cpu/armv7/built-in.o
                0x00000000878004d8                v7_outer_cache_inval_all
 .text.invalidate_dcache_all
                0x00000000878004dc       0x14 arch/arm/cpu/armv7/built-in.o
                0x00000000878004dc                invalidate_dcache_all
 .text.arm_init_before_mmu
                0x00000000878004f0       0x28 arch/arm/cpu/armv7/built-in.o
                0x00000000878004f0                arm_init_before_mmu
 .text.v7_outer_cache_flush_range
                0x0000000087800518        0x4 arch/arm/cpu/armv7/built-in.o
                0x0000000087800518                v7_outer_cache_flush_range
 .text.flush_dcache_range
                0x000000008780051c       0x38 arch/arm/cpu/armv7/built-in.o
                0x000000008780051c                flush_dcache_range
 .text.mmu_page_table_flush
                0x0000000087800554       0x24 arch/arm/cpu/armv7/built-in.o
                0x0000000087800554                mmu_page_table_flush
 .text.v7_outer_cache_inval_range
                0x0000000087800578        0x4 arch/arm/cpu/armv7/built-in.o
                0x0000000087800578                v7_outer_cache_inval_range
 .text.invalidate_dcache_range
                0x000000008780057c       0xa8 arch/arm/cpu/armv7/built-in.o
                0x000000008780057c                invalidate_dcache_range
 .text.cpu_cache_initialization
                0x0000000087800624        0x4 arch/arm/cpu/armv7/built-in.o
                0x0000000087800624                cpu_cache_initialization
 .text.cleanup_before_linux_select
                0x0000000087800628       0x4c arch/arm/cpu/armv7/built-in.o
                0x0000000087800628                cleanup_before_linux_select
 .text.cleanup_before_linux
                0x0000000087800674        0x8 arch/arm/cpu/armv7/built-in.o
                0x0000000087800674                cleanup_before_linux
 .text.get_cpu_rev
                0x000000008780067c       0x90 arch/arm/cpu/armv7/built-in.o
                0x000000008780067c                get_cpu_rev
 .text.get_cpu_speed_grade_hz
                0x000000008780070c      0x138 arch/arm/cpu/armv7/built-in.o
                0x000000008780070c                get_cpu_speed_grade_hz
 .text.get_cpu_temp_grade
                0x0000000087800844       0x68 arch/arm/cpu/armv7/built-in.o
                0x0000000087800844                get_cpu_temp_grade
 .text.get_board_rev
                0x00000000878008ac       0x40 arch/arm/cpu/armv7/built-in.o
                0x00000000878008ac                get_board_rev
 .text.arch_cpu_init
                0x00000000878008ec      0x368 arch/arm/cpu/armv7/built-in.o
                0x00000000878008ec                arch_cpu_init
 .text.mmc_get_env_dev
                0x0000000087800c54       0x28 arch/arm/cpu/armv7/built-in.o
                0x0000000087800c54                mmc_get_env_dev
 .text.board_mmc_get_env_part
                0x0000000087800c7c        0x8 arch/arm/cpu/armv7/built-in.o
                0x0000000087800c7c                board_mmc_get_env_part
 .text.mmc_get_env_part
                0x0000000087800c84       0x28 arch/arm/cpu/armv7/built-in.o
                0x0000000087800c84                mmc_get_env_part
 .text.board_postclk_init
                0x0000000087800cac       0x70 arch/arm/cpu/armv7/built-in.o
                0x0000000087800cac                board_postclk_init
 .text.imx_get_mac_from_fuse
                0x0000000087800d1c       0xb8 arch/arm/cpu/armv7/built-in.o
                0x0000000087800d1c                imx_get_mac_from_fuse
 .text.set_wdog_reset
                0x0000000087800dd4       0x18 arch/arm/cpu/armv7/built-in.o
                0x0000000087800dd4                set_wdog_reset
 .text.reset_misc
                0x0000000087800dec        0x4 arch/arm/cpu/armv7/built-in.o
                0x0000000087800dec                reset_misc
 .text.s_init   0x0000000087800df0       0xa8 arch/arm/cpu/armv7/built-in.o
                0x0000000087800df0                s_init
 .text.disable_lcdif_clock
                0x0000000087800e98      0x208 arch/arm/cpu/armv7/built-in.o
 .text.get_ipg_clk
                0x00000000878010a0       0x28 arch/arm/cpu/armv7/built-in.o
 .text.enable_pll_video.constprop.0
                0x00000000878010c8      0x100 arch/arm/cpu/armv7/built-in.o
 .text.get_uart_clk
                0x00000000878011c8       0xd8 arch/arm/cpu/armv7/built-in.o
 .text.mxc_get_pll_pfd
                0x00000000878012a0       0xd4 arch/arm/cpu/armv7/built-in.o
 .text.get_usdhc_clk
                0x0000000087801374       0xe8 arch/arm/cpu/armv7/built-in.o
 .text.enable_ocotp_clk
                0x000000008780145c       0x24 arch/arm/cpu/armv7/built-in.o
                0x000000008780145c                enable_ocotp_clk
 .text.enable_usboh3_clk
                0x0000000087801480       0x24 arch/arm/cpu/armv7/built-in.o
                0x0000000087801480                enable_usboh3_clk
 .text.enable_enet_clk
                0x00000000878014a4       0x64 arch/arm/cpu/armv7/built-in.o
                0x00000000878014a4                enable_enet_clk
 .text.enable_i2c_clk
                0x0000000087801508       0xd8 arch/arm/cpu/armv7/built-in.o
                0x0000000087801508                enable_i2c_clk
 .text.get_periph_clk
                0x00000000878015e0       0xdc arch/arm/cpu/armv7/built-in.o
                0x00000000878015e0                get_periph_clk
 .text.get_axi_clk
                0x00000000878016bc       0x4c arch/arm/cpu/armv7/built-in.o
 .text.enable_lcdif_clock
                0x0000000087801708      0x264 arch/arm/cpu/armv7/built-in.o
                0x0000000087801708                enable_lcdif_clock
 .text.mxs_set_lcdclk
                0x000000008780196c      0x37c arch/arm/cpu/armv7/built-in.o
                0x000000008780196c                mxs_set_lcdclk
 .text.enable_qspi_clk
                0x0000000087801ce8       0x98 arch/arm/cpu/armv7/built-in.o
                0x0000000087801ce8                enable_qspi_clk
 .text.enable_fec_anatop_clock
                0x0000000087801d80       0xf4 arch/arm/cpu/armv7/built-in.o
                0x0000000087801d80                enable_fec_anatop_clock
 .text.imx_get_uartclk
                0x0000000087801e74        0x4 arch/arm/cpu/armv7/built-in.o
                0x0000000087801e74                imx_get_uartclk
 .text.enable_thermal_clk
                0x0000000087801e78       0x48 arch/arm/cpu/armv7/built-in.o
                0x0000000087801e78                enable_thermal_clk
 .text.mxc_get_clock
                0x0000000087801ec0      0x4bc arch/arm/cpu/armv7/built-in.o
                0x0000000087801ec0                mxc_get_clock
 .text.imx_get_fecclk
                0x000000008780237c        0x8 arch/arm/cpu/armv7/built-in.o
                0x000000008780237c                imx_get_fecclk
 .text.do_mx6_showclocks
                0x0000000087802384      0x230 arch/arm/cpu/armv7/built-in.o
                0x0000000087802384                do_mx6_showclocks
 .text.imx_iomux_v3_setup_pad
                0x00000000878025b4      0x17c arch/arm/imx-common/built-in.o
                0x00000000878025b4                imx_iomux_v3_setup_pad
 .text.imx_iomux_v3_setup_multiple_pads
                0x0000000087802730       0x2c arch/arm/imx-common/built-in.o
                0x0000000087802730                imx_iomux_v3_setup_multiple_pads
 .text.imx_ddr_size
                0x000000008780275c       0x64 arch/arm/imx-common/built-in.o
                0x000000008780275c                imx_ddr_size
 .text.get_imx_type
                0x00000000878027c0       0x20 arch/arm/imx-common/built-in.o
                0x00000000878027c0                get_imx_type
 .text.print_cpuinfo
                0x00000000878027e0      0x228 arch/arm/imx-common/built-in.o
                0x00000000878027e0                print_cpuinfo
 .text.cpu_eth_init
                0x0000000087802a08        0x4 arch/arm/imx-common/built-in.o
                0x0000000087802a08                cpu_eth_init
 .text.cpu_mmc_init
                0x0000000087802a0c        0x4 arch/arm/imx-common/built-in.o
                0x0000000087802a0c                cpu_mmc_init
 .text.get_ahb_clk
                0x0000000087802a10       0x24 arch/arm/imx-common/built-in.o
                0x0000000087802a10                get_ahb_clk
 .text.arch_preboot_os
                0x0000000087802a34        0x4 arch/arm/imx-common/built-in.o
                0x0000000087802a34                arch_preboot_os
 .text.get_clocks
                0x0000000087802a38       0x1c arch/arm/imx-common/built-in.o
                0x0000000087802a38                get_clocks
 .text.force_idle_bus
                0x0000000087802a54      0x1c4 arch/arm/imx-common/built-in.o
                0x0000000087802a54                force_idle_bus
 .text.setup_i2c
                0x0000000087802c18       0xe4 arch/arm/imx-common/built-in.o
                0x0000000087802c18                setup_i2c
 .text.mxs_wait_mask_set
                0x0000000087802cfc       0x3c arch/arm/imx-common/built-in.o
                0x0000000087802cfc                mxs_wait_mask_set
 .text.mxs_wait_mask_clr
                0x0000000087802d38       0x3c arch/arm/imx-common/built-in.o
                0x0000000087802d38                mxs_wait_mask_clr
 .text.mxs_reset_block
                0x0000000087802d74       0x90 arch/arm/imx-common/built-in.o
                0x0000000087802d74                mxs_reset_block
 .text.enable_caches
                0x0000000087802e04       0x34 arch/arm/imx-common/built-in.o
                0x0000000087802e04                enable_caches
 .text.init_aips
                0x0000000087802e38       0xc0 arch/arm/imx-common/built-in.o
                0x0000000087802e38                init_aips
 .text.imx_set_wdog_powerdown
                0x0000000087802ef8       0xa8 arch/arm/imx-common/built-in.o
                0x0000000087802ef8                imx_set_wdog_powerdown
 .text.init_src
                0x0000000087802fa0       0x18 arch/arm/imx-common/built-in.o
                0x0000000087802fa0                init_src
 .text.boot_mode_apply
                0x0000000087802fb8       0x24 arch/arm/imx-common/built-in.o
                0x0000000087802fb8                boot_mode_apply
 .text.board_video_skip
                0x0000000087802fdc      0x1a4 arch/arm/imx-common/built-in.o
                0x0000000087802fdc                board_video_skip
 .text.timer_init
                0x0000000087803180       0x3c arch/arm/imx-common/built-in.o
                0x0000000087803180                timer_init
 .text.get_ticks
                0x00000000878031bc       0x18 arch/arm/imx-common/built-in.o
                0x00000000878031bc                get_ticks
 .text.get_timer_masked
                0x00000000878031d4       0x58 arch/arm/imx-common/built-in.o
                0x00000000878031d4                get_timer_masked
 .text.get_timer
                0x000000008780322c       0x14 arch/arm/imx-common/built-in.o
                0x000000008780322c                get_timer
 .text.__udelay
                0x0000000087803240       0x80 arch/arm/imx-common/built-in.o
                0x0000000087803240                __udelay
 .text.get_tbclk
                0x00000000878032c0        0x8 arch/arm/imx-common/built-in.o
                0x00000000878032c0                get_tbclk
 .text.create_usage
                0x00000000878032c8       0xa0 arch/arm/imx-common/built-in.o
 .text.do_boot_mode
                0x0000000087803368       0xd4 arch/arm/imx-common/built-in.o
 .text.add_board_boot_modes
                0x000000008780343c       0x60 arch/arm/imx-common/built-in.o
                0x000000008780343c                add_board_boot_modes
 .text          0x000000008780349c       0x90 arch/arm/lib/built-in.o
                0x000000008780349c                _main
 .text.relocate_vectors
                0x000000008780352c       0x70 arch/arm/lib/built-in.o
                0x000000008780352c                relocate_vectors
                0x0000000087803538                relocate_code
 .text.arch_fixup_fdt
                0x000000008780359c       0x38 arch/arm/lib/built-in.o
                0x000000008780359c                arch_fixup_fdt
 .text.boot_jump_linux
                0x00000000878035d4       0xc4 arch/arm/lib/built-in.o
 .text.arch_lmb_reserve
                0x0000000087803698       0x24 arch/arm/lib/built-in.o
                0x0000000087803698                arch_lmb_reserve
 .text.setup_board_tags
                0x00000000878036bc        0x4 arch/arm/lib/built-in.o
                0x00000000878036bc                setup_board_tags
 .text.boot_prep_linux
                0x00000000878036c0      0x1d8 arch/arm/lib/built-in.o
 .text.do_bootm_linux
                0x0000000087803898       0x64 arch/arm/lib/built-in.o
                0x0000000087803898                do_bootm_linux
 .text.bootz_setup
                0x00000000878038fc       0x58 arch/arm/lib/built-in.o
                0x00000000878038fc                bootz_setup
 .text.boot_prep_vxworks
                0x0000000087803954       0x50 arch/arm/lib/built-in.o
                0x0000000087803954                boot_prep_vxworks
 .text.boot_jump_vxworks
                0x00000000878039a4        0xc arch/arm/lib/built-in.o
                0x00000000878039a4                boot_jump_vxworks
 .text.arch_reserve_stacks
                0x00000000878039b0       0x1c arch/arm/lib/built-in.o
                0x00000000878039b0                arch_reserve_stacks
 .text.interrupt_init
                0x00000000878039cc       0x1c arch/arm/lib/built-in.o
                0x00000000878039cc                interrupt_init
 .text.enable_interrupts
                0x00000000878039e8        0x4 arch/arm/lib/built-in.o
                0x00000000878039e8                enable_interrupts
 .text.disable_interrupts
                0x00000000878039ec        0x8 arch/arm/lib/built-in.o
                0x00000000878039ec                disable_interrupts
 .text.bad_mode
                0x00000000878039f4       0x10 arch/arm/lib/built-in.o
                0x00000000878039f4                bad_mode
 .text.show_regs
                0x0000000087803a04      0x174 arch/arm/lib/built-in.o
                0x0000000087803a04                show_regs
 .text.do_undefined_instruction
                0x0000000087803b78       0x20 arch/arm/lib/built-in.o
                0x0000000087803b78                do_undefined_instruction
 .text.do_software_interrupt
                0x0000000087803b98       0x20 arch/arm/lib/built-in.o
                0x0000000087803b98                do_software_interrupt
 .text.do_prefetch_abort
                0x0000000087803bb8       0x20 arch/arm/lib/built-in.o
                0x0000000087803bb8                do_prefetch_abort
 .text.do_data_abort
                0x0000000087803bd8       0x20 arch/arm/lib/built-in.o
                0x0000000087803bd8                do_data_abort
 .text.do_not_used
                0x0000000087803bf8       0x20 arch/arm/lib/built-in.o
                0x0000000087803bf8                do_not_used
 .text.do_fiq   0x0000000087803c18       0x20 arch/arm/lib/built-in.o
                0x0000000087803c18                do_fiq
 .text.do_irq   0x0000000087803c38       0x20 arch/arm/lib/built-in.o
                0x0000000087803c38                do_irq
 .text.do_reset
                0x0000000087803c58       0x30 arch/arm/lib/built-in.o
                0x0000000087803c58                do_reset
 .text.flush_cache
                0x0000000087803c88        0x8 arch/arm/lib/built-in.o
                0x0000000087803c88                flush_cache
 .text.cp_delay
                0x0000000087803c90       0x30 arch/arm/lib/built-in.o
 .text.arm_init_domains
                0x0000000087803cc0        0x4 arch/arm/lib/built-in.o
                0x0000000087803cc0                arm_init_domains
 .text.set_section_dcache
                0x0000000087803cc4       0x14 arch/arm/lib/built-in.o
                0x0000000087803cc4                set_section_dcache
 .text.mmu_set_region_dcache_behaviour
                0x0000000087803cd8       0x50 arch/arm/lib/built-in.o
                0x0000000087803cd8                mmu_set_region_dcache_behaviour
 .text.dram_bank_mmu_setup
                0x0000000087803d28       0x44 arch/arm/lib/built-in.o
                0x0000000087803d28                dram_bank_mmu_setup
 .text.icache_enable
                0x0000000087803d6c       0x18 arch/arm/lib/built-in.o
                0x0000000087803d6c                icache_enable
 .text.icache_disable
                0x0000000087803d84       0x20 arch/arm/lib/built-in.o
                0x0000000087803d84                icache_disable
 .text.icache_status
                0x0000000087803da4        0xc arch/arm/lib/built-in.o
                0x0000000087803da4                icache_status
 .text.dcache_enable
                0x0000000087803db0       0x78 arch/arm/lib/built-in.o
                0x0000000087803db0                dcache_enable
 .text.dcache_disable
                0x0000000087803e28       0x2c arch/arm/lib/built-in.o
                0x0000000087803e28                dcache_disable
 .text.dcache_status
                0x0000000087803e54        0xc arch/arm/lib/built-in.o
                0x0000000087803e54                dcache_status
 .text.board_late_mmc_env_init
                0x0000000087803e60       0x9c board/freescale/common/built-in.o
                0x0000000087803e60                board_late_mmc_env_init
 .text.do_enable_parallel_lcd
                0x0000000087803efc       0x2c board/freescale/mx6ull_alientek_emmc/built-in.o
                0x0000000087803efc                do_enable_parallel_lcd
 .text.power_init_board
                0x0000000087803f28        0x8 board/freescale/mx6ull_alientek_emmc/built-in.o
                0x0000000087803f28                power_init_board
 .text.dram_init
                0x0000000087803f30       0x18 board/freescale/mx6ull_alientek_emmc/built-in.o
                0x0000000087803f30                dram_init
 .text.board_mmc_get_env_dev
                0x0000000087803f48        0x4 board/freescale/mx6ull_alientek_emmc/built-in.o
                0x0000000087803f48                board_mmc_get_env_dev
 .text.mmc_map_to_kernel_blk
                0x0000000087803f4c        0x4 board/freescale/mx6ull_alientek_emmc/built-in.o
                0x0000000087803f4c                mmc_map_to_kernel_blk
 .text.board_mmc_getcd
                0x0000000087803f50       0x48 board/freescale/mx6ull_alientek_emmc/built-in.o
                0x0000000087803f50                board_mmc_getcd
 .text.board_mmc_init
                0x0000000087803f98       0xd4 board/freescale/mx6ull_alientek_emmc/built-in.o
                0x0000000087803f98                board_mmc_init
 .text.board_usb_phy_mode
                0x000000008780406c       0x14 board/freescale/mx6ull_alientek_emmc/built-in.o
                0x000000008780406c                board_usb_phy_mode
 .text.board_ehci_hcd_init
                0x0000000087804080       0x28 board/freescale/mx6ull_alientek_emmc/built-in.o
                0x0000000087804080                board_ehci_hcd_init
 .text.board_eth_init
                0x00000000878040a8       0x60 board/freescale/mx6ull_alientek_emmc/built-in.o
                0x00000000878040a8                board_eth_init
 .text.board_phy_config
                0x0000000087804108       0x4c board/freescale/mx6ull_alientek_emmc/built-in.o
                0x0000000087804108                board_phy_config
 .text.board_early_init_f
                0x0000000087804154       0x1c board/freescale/mx6ull_alientek_emmc/built-in.o
                0x0000000087804154                board_early_init_f
 .text.board_init
                0x0000000087804170       0x94 board/freescale/mx6ull_alientek_emmc/built-in.o
                0x0000000087804170                board_init
 .text.board_late_init
                0x0000000087804204       0x50 board/freescale/mx6ull_alientek_emmc/built-in.o
                0x0000000087804204                board_late_init
 .text.checkboard
                0x0000000087804254       0x18 board/freescale/mx6ull_alientek_emmc/built-in.o
                0x0000000087804254                checkboard
 .text.do_go_exec
                0x000000008780426c       0x10 cmd/built-in.o
                0x000000008780426c                do_go_exec
 .text.do_go    0x000000008780427c       0x6c cmd/built-in.o
 .text.do_bootm
                0x00000000878042e8      0x10c cmd/built-in.o
                0x00000000878042e8                do_bootm
 .text.do_bootd
                0x00000000878043f4       0x20 cmd/built-in.o
                0x00000000878043f4                do_bootd
 .text.image_info
                0x0000000087804414       0xcc cmd/built-in.o
 .text.do_iminfo
                0x00000000878044e0       0x5c cmd/built-in.o
 .text.bootm_maybe_autostart
                0x000000008780453c       0x78 cmd/built-in.o
                0x000000008780453c                bootm_maybe_autostart
 .text.do_bootz
                0x00000000878045b4       0xf8 cmd/built-in.o
                0x00000000878045b4                do_bootz
 .text.do_help  0x00000000878046ac       0x44 cmd/built-in.o
 .text.do_version
                0x00000000878046f0       0x38 cmd/built-in.o
 .text.source   0x0000000087804728       0xd8 cmd/built-in.o
                0x0000000087804728                source
 .text.do_source
                0x0000000087804800       0x48 cmd/built-in.o
 .text.print_num
                0x0000000087804848       0x14 cmd/built-in.o
 .text.do_bdinfo
                0x000000008780485c      0x190 cmd/built-in.o
 .text.do_bmp   0x00000000878049ec       0x54 cmd/built-in.o
 .text.do_bmp_info
                0x0000000087804a40      0x10c cmd/built-in.o
 .text.bmp_display
                0x0000000087804b4c       0x50 cmd/built-in.o
                0x0000000087804b4c                bmp_display
 .text.do_bmp_display
                0x0000000087804b9c       0xbc cmd/built-in.o
 .text.parse_argv
                0x0000000087804c58       0x64 cmd/built-in.o
 .text.do_icache
                0x0000000087804cbc       0x88 cmd/built-in.o
 .text.do_dcache
                0x0000000087804d44       0x88 cmd/built-in.o
 .text.do_coninfo
                0x0000000087804dcc       0xb0 cmd/built-in.o
 .text.do_echo  0x0000000087804e7c       0xb0 cmd/built-in.o
 .text.load_elf_image_shdr
                0x0000000087804f2c       0x8c cmd/built-in.o
 .text.valid_elf_image
                0x0000000087804fb8       0x4c cmd/built-in.o
                0x0000000087804fb8                valid_elf_image
 .text.do_bootelf
                0x0000000087805004      0x1b0 cmd/built-in.o
                0x0000000087805004                do_bootelf
 .text.do_bootvx
                0x00000000878051b4      0x330 cmd/built-in.o
                0x00000000878051b4                do_bootvx
 .text.do_exit  0x00000000878054e4       0x3c cmd/built-in.o
 .text.do_ext4_size
                0x0000000087805520       0x18 cmd/built-in.o
                0x0000000087805520                do_ext4_size
 .text.do_ext4_load
                0x0000000087805538       0x18 cmd/built-in.o
                0x0000000087805538                do_ext4_load
 .text.do_ext4_ls
                0x0000000087805550       0x18 cmd/built-in.o
                0x0000000087805550                do_ext4_ls
 .text.do_ext4_write
                0x0000000087805568       0x18 cmd/built-in.o
                0x0000000087805568                do_ext4_write
 .text.do_ext2load
                0x0000000087805580       0x18 cmd/built-in.o
                0x0000000087805580                do_ext2load
 .text.do_ext2ls
                0x0000000087805598       0x18 cmd/built-in.o
 .text.do_fat_size
                0x00000000878055b0       0x18 cmd/built-in.o
                0x00000000878055b0                do_fat_size
 .text.do_fat_fsload
                0x00000000878055c8       0x18 cmd/built-in.o
                0x00000000878055c8                do_fat_fsload
 .text.do_fat_ls
                0x00000000878055e0       0x18 cmd/built-in.o
 .text.do_fat_fsinfo
                0x00000000878055f8       0x90 cmd/built-in.o
 .text.fdt_valid
                0x0000000087805688       0xbc cmd/built-in.o
 .text.is_printable_string
                0x0000000087805744       0x98 cmd/built-in.o
 .text.print_data
                0x00000000878057dc      0x174 cmd/built-in.o
 .text.set_working_fdt_addr
                0x0000000087805950       0x1c cmd/built-in.o
                0x0000000087805950                set_working_fdt_addr
 .text.do_fdt   0x000000008780596c      0xe7c cmd/built-in.o
 .text.do_flinfo
                0x00000000878067e8        0x8 cmd/built-in.o
 .text.do_flerase
                0x00000000878067f0        0x8 cmd/built-in.o
 .text.do_protect
                0x00000000878067f8       0x10 cmd/built-in.o
 .text.do_size_wrapper
                0x0000000087806808       0x18 cmd/built-in.o
 .text.do_load_wrapper
                0x0000000087806820       0x18 cmd/built-in.o
 .text.do_save_wrapper
                0x0000000087806838       0x18 cmd/built-in.o
 .text.do_ls_wrapper
                0x0000000087806850       0x18 cmd/built-in.o
 .text.do_fstype_wrapper
                0x0000000087806868        0x4 cmd/built-in.o
 .text.strtou32
                0x000000008780686c       0x44 cmd/built-in.o
 .text.do_fuse  0x00000000878068b0      0x360 cmd/built-in.o
 .text.name_to_gpio
                0x0000000087806c10        0xc cmd/built-in.o
                0x0000000087806c10                name_to_gpio
 .text.do_gpio  0x0000000087806c1c      0x154 cmd/built-in.o
 .text.do_i2c   0x0000000087806d70       0x64 cmd/built-in.o
 .text.do_i2c_bus_speed
                0x0000000087806dd4       0x78 cmd/built-in.o
 .text.do_i2c_reset
                0x0000000087806e4c       0x2c cmd/built-in.o
 .text.do_i2c_probe
                0x0000000087806e78       0x9c cmd/built-in.o
 .text.do_i2c_bus_num
                0x0000000087806f14       0xb8 cmd/built-in.o
 .text.do_i2c_show_bus
                0x0000000087806fcc       0xd0 cmd/built-in.o
 .text.get_alen.constprop.4
                0x000000008780709c       0x3c cmd/built-in.o
 .text.do_i2c_crc
                0x00000000878070d8      0x120 cmd/built-in.o
 .text.do_i2c_read
                0x00000000878071f8       0xbc cmd/built-in.o
 .text.do_i2c_md
                0x00000000878072b4      0x1e8 cmd/built-in.o
 .text.do_i2c_mw
                0x000000008780749c       0xfc cmd/built-in.o
 .text.do_i2c_write
                0x0000000087807598      0x14c cmd/built-in.o
 .text.mod_i2c_mem.isra.3
                0x00000000878076e4      0x200 cmd/built-in.o
 .text.do_i2c_nm
                0x00000000878078e4        0x8 cmd/built-in.o
 .text.do_i2c_mm
                0x00000000878078ec        0x8 cmd/built-in.o
 .text.do_i2c_loop
                0x00000000878078f4       0xe4 cmd/built-in.o
 .text.i2c_init_board
                0x00000000878079d8        0x4 cmd/built-in.o
                0x00000000878079d8                i2c_init_board
 .text.evalexp  0x00000000878079dc       0x70 cmd/built-in.o
 .text.evalstr  0x0000000087807a4c       0x6c cmd/built-in.o
 .text.binary_test
                0x0000000087807ab8      0x1b4 cmd/built-in.o
 .text.do_itest
                0x0000000087807c6c       0x88 cmd/built-in.o
 .text.bin_data_init
                0x0000000087807cf4       0x2c cmd/built-in.o
 .text.k_data_save
                0x0000000087807d20       0x4c cmd/built-in.o
 .text.k_data_restore
                0x0000000087807d6c       0x4c cmd/built-in.o
 .text.getcxmodem
                0x0000000087807db8       0x20 cmd/built-in.o
 .text.load_serial_ymodem
                0x0000000087807dd8       0xcc cmd/built-in.o
 .text.bin_data_char
                0x0000000087807ea4       0x2c cmd/built-in.o
 .text.chk1.constprop.1
                0x0000000087807ed0       0x2c cmd/built-in.o
 .text.s1_sendpacket.constprop.2
                0x0000000087807efc       0x50 cmd/built-in.o
 .text.load_serial
                0x0000000087807f4c      0x1e0 cmd/built-in.o
 .text.do_load_serial
                0x000000008780812c       0xdc cmd/built-in.o
 .text.do_load_serial_bin
                0x0000000087808208      0x7a8 cmd/built-in.o
 .text.do_mem_mw
                0x00000000878089b0       0xc0 cmd/built-in.o
 .text.do_mem_loop
                0x0000000087808a70       0xec cmd/built-in.o
 .text.do_mem_md
                0x0000000087808b5c       0xec cmd/built-in.o
 .text.do_mem_cmp
                0x0000000087808c48      0x168 cmd/built-in.o
 .text.do_mem_base
                0x0000000087808db0       0x40 cmd/built-in.o
 .text.do_mem_cp
                0x0000000087808df0       0xd8 cmd/built-in.o
 .text.do_mem_crc
                0x0000000087808ec8       0x48 cmd/built-in.o
 .text.do_mem_mtest
                0x0000000087808f10      0x228 cmd/built-in.o
 .text.mod_mem.isra.2
                0x0000000087809138      0x164 cmd/built-in.o
 .text.do_mem_mm
                0x000000008780929c        0x8 cmd/built-in.o
 .text.do_mem_nm
                0x00000000878092a4        0x8 cmd/built-in.o
 .text.extract_range
                0x00000000878092ac       0xe4 cmd/built-in.o
 .text.do_mii   0x0000000087809390      0x8e4 cmd/built-in.o
 .text.do_mdio  0x0000000087809c74      0x4dc cmd/built-in.o
 .text.do_sleep
                0x000000008780a150       0x70 cmd/built-in.o
 .text.do_mmcops
                0x000000008780a1c0       0xb4 cmd/built-in.o
 .text.init_mmc_device
                0x000000008780a274       0x54 cmd/built-in.o
 .text.do_mmc_rescan
                0x000000008780a2c8       0x24 cmd/built-in.o
 .text.do_mmc_rst_func
                0x000000008780a2ec       0xa0 cmd/built-in.o
 .text.do_mmc_partconf
                0x000000008780a38c       0xb4 cmd/built-in.o
 .text.do_mmc_boot_resize
                0x000000008780a440       0xcc cmd/built-in.o
 .text.do_mmc_bootbus
                0x000000008780a50c       0xb4 cmd/built-in.o
 .text.do_mmc_hwpartition
                0x000000008780a5c0      0x508 cmd/built-in.o
 .text.do_mmc_list
                0x000000008780aac8       0x14 cmd/built-in.o
 .text.do_mmc_dev
                0x000000008780aadc      0x134 cmd/built-in.o
 .text.do_mmc_part
                0x000000008780ac10       0x5c cmd/built-in.o
 .text.do_mmc_erase
                0x000000008780ac6c       0xe8 cmd/built-in.o
 .text.do_mmc_write
                0x000000008780ad54      0x100 cmd/built-in.o
 .text.do_mmc_read
                0x000000008780ae54       0xec cmd/built-in.o
 .text.do_mmcinfo
                0x000000008780af40      0x370 cmd/built-in.o
 .text.do_mmc_setdsr
                0x000000008780b2b0       0xb0 cmd/built-in.o
 .text.netboot_common
                0x000000008780b360      0x294 cmd/built-in.o
 .text.do_bootp
                0x000000008780b5f4        0xc cmd/built-in.o
 .text.do_dhcp  0x000000008780b600        0xc cmd/built-in.o
 .text.do_nfs   0x000000008780b60c        0xc cmd/built-in.o
 .text.do_tftpb
                0x000000008780b618       0x40 cmd/built-in.o
                0x000000008780b618                do_tftpb
 .text.do_ping  0x000000008780b658       0x78 cmd/built-in.o
 .text.bytes_per_second
                0x000000008780b6d0       0x50 cmd/built-in.o
 .text.do_spi_flash
                0x000000008780b720      0x86c cmd/built-in.o
 .text.substitute
                0x000000008780bf8c       0xf0 cmd/built-in.o
 .text.get_arg  0x000000008780c07c       0x58 cmd/built-in.o
 .text.regex_sub
                0x000000008780c0d4      0x478 cmd/built-in.o
 .text.do_setexpr
                0x000000008780c54c      0x1a0 cmd/built-in.o
 .text.do_false
                0x000000008780c6ec        0x8 cmd/built-in.o
 .text.do_true  0x000000008780c6f4        0x8 cmd/built-in.o
 .text.do_test  0x000000008780c6fc      0x33c cmd/built-in.o
 .text.usb_get_class_desc
                0x000000008780ca38       0xbc cmd/built-in.o
 .text.usb_find_device
                0x000000008780caf4       0x3c cmd/built-in.o
 .text.usb_show_tree_graph
                0x000000008780cb30      0x228 cmd/built-in.o
 .text.usb_display_class_sub
                0x000000008780cd58      0x170 cmd/built-in.o
 .text.usb_display_string
                0x000000008780cec8       0x44 cmd/built-in.o
 .text.usb_display_config
                0x000000008780cf0c      0x20c cmd/built-in.o
 .text.do_usbboot
                0x000000008780d118        0xc cmd/built-in.o
 .text.usb_display_desc.part.2
                0x000000008780d124      0x12c cmd/built-in.o
 .text.do_usb_start
                0x000000008780d250       0x44 cmd/built-in.o
 .text.usb_show_tree
                0x000000008780d294       0x54 cmd/built-in.o
                0x000000008780d294                usb_show_tree
 .text.do_usb   0x000000008780d2e8      0x750 cmd/built-in.o
 .text.do_imgextract
                0x000000008780da38      0x290 cmd/built-in.o
 .text.do_env_delete
                0x000000008780dcc8       0x9c cmd/built-in.o
 .text.do_env_exists
                0x000000008780dd64       0x64 cmd/built-in.o
 .text.do_env_save
                0x000000008780ddc8       0x2c cmd/built-in.o
 .text.do_env   0x000000008780ddf4       0x64 cmd/built-in.o
 .text.env_print
                0x000000008780de58       0xc0 cmd/built-in.o
 .text.do_env_print
                0x000000008780df18       0xc4 cmd/built-in.o
 .text.do_env_import
                0x000000008780dfdc      0x28c cmd/built-in.o
 .text.do_env_default
                0x000000008780e268       0xa8 cmd/built-in.o
 .text._do_env_set.isra.1
                0x000000008780e310      0x1bc cmd/built-in.o
 .text.do_env_set
                0x000000008780e4cc       0x20 cmd/built-in.o
 .text.get_env_id
                0x000000008780e4ec       0x10 cmd/built-in.o
                0x000000008780e4ec                get_env_id
 .text.setenv   0x000000008780e4fc       0x60 cmd/built-in.o
                0x000000008780e4fc                setenv
 .text.setenv_ulong
                0x000000008780e55c       0x20 cmd/built-in.o
                0x000000008780e55c                setenv_ulong
 .text.setenv_hex
                0x000000008780e57c       0x34 cmd/built-in.o
                0x000000008780e57c                setenv_hex
 .text.do_env_export
                0x000000008780e5b0      0x250 cmd/built-in.o
 .text.envmatch
                0x000000008780e800       0x6c cmd/built-in.o
                0x000000008780e800                envmatch
 .text.getenv_f
                0x000000008780e86c       0xc0 cmd/built-in.o
                0x000000008780e86c                getenv_f
 .text.getenv   0x000000008780e92c       0x78 cmd/built-in.o
                0x000000008780e92c                getenv
 .text.getenv_hex
                0x000000008780e9a4       0x3c cmd/built-in.o
                0x000000008780e9a4                getenv_hex
 .text.getenv_ulong
                0x000000008780e9e0       0x30 cmd/built-in.o
                0x000000008780e9e0                getenv_ulong
 .text.do_env_edit.part.3
                0x000000008780ea10       0xa4 cmd/built-in.o
 .text.do_env_edit
                0x000000008780eab4       0x2c cmd/built-in.o
 .text.common_diskboot
                0x000000008780eae0      0x238 cmd/built-in.o
                0x000000008780eae0                common_diskboot
 .text.board_init_f_alloc_reserve
                0x000000008780ed18       0x10 common/built-in.o
                0x000000008780ed18                board_init_f_alloc_reserve
 .text.board_init_f_init_reserve
                0x000000008780ed28       0x20 common/built-in.o
                0x000000008780ed28                board_init_f_init_reserve
 .text.show_boot_progress
                0x000000008780ed48        0x4 common/built-in.o
                0x000000008780ed48                show_boot_progress
 .text.main_loop
                0x000000008780ed4c       0x20 common/built-in.o
                0x000000008780ed4c                main_loop
 .text.dummy    0x000000008780ed6c        0x4 common/built-in.o
 .text.get_version
                0x000000008780ed70        0x8 common/built-in.o
                0x000000008780ed70                get_version
 .text.jumptable_init
                0x000000008780ed78      0x1e0 common/built-in.o
                0x000000008780ed78                jumptable_init
 .text.hash_command
                0x000000008780ef58       0xb4 common/built-in.o
                0x000000008780ef58                hash_command
 .text.b_reset  0x000000008780f00c       0x1c common/built-in.o
 .text.static_get
                0x000000008780f028       0x1c common/built-in.o
 .text.static_peek
                0x000000008780f044        0xc common/built-in.o
 .text.file_peek
                0x000000008780f050        0xc common/built-in.o
 .text.mapset   0x000000008780f05c       0x20 common/built-in.o
 .text.syntax_err
                0x000000008780f07c        0xc common/built-in.o
 .text.free_pipe_list
                0x000000008780f088       0xf0 common/built-in.o
 .text.xmalloc  0x000000008780f178       0x20 common/built-in.o
 .text.new_pipe
                0x000000008780f198       0x28 common/built-in.o
 .text.xrealloc
                0x000000008780f1c0       0x20 common/built-in.o
 .text.done_command
                0x000000008780f1e0       0x88 common/built-in.o
 .text.done_pipe
                0x000000008780f268       0x48 common/built-in.o
 .text.done_word
                0x000000008780f2b0      0x2e4 common/built-in.o
 .text.do_showvar
                0x000000008780f594       0xfc common/built-in.o
 .text.is_assignment
                0x000000008780f690       0x5c common/built-in.o
 .text.file_get
                0x000000008780f6ec      0x1f0 common/built-in.o
 .text.b_addchr
                0x000000008780f8dc       0x78 common/built-in.o
 .text.b_addqchr
                0x000000008780f954       0x50 common/built-in.o
 .text.get_local_var
                0x000000008780f9a4       0xa0 common/built-in.o
                0x000000008780f9a4                get_local_var
 .text.set_local_var
                0x000000008780fa44      0x1bc common/built-in.o
                0x000000008780fa44                set_local_var
 .text.insert_var_value_sub
                0x000000008780fc00      0x2c0 common/built-in.o
 .text.parse_string_outer
                0x000000008780fec0       0xe4 common/built-in.o
                0x000000008780fec0                parse_string_outer
 .text.run_list_real
                0x000000008780ffa4      0x7e4 common/built-in.o
 .text.parse_stream_outer
                0x0000000087810788      0x6cc common/built-in.o
 .text.parse_file_outer
                0x0000000087810e54       0x44 common/built-in.o
                0x0000000087810e54                parse_file_outer
 .text.u_boot_hush_start
                0x0000000087810e98       0x54 common/built-in.o
                0x0000000087810e98                u_boot_hush_start
 .text.bootdelay_process
                0x0000000087810eec       0xd0 common/built-in.o
                0x0000000087810eec                bootdelay_process
 .text.autoboot_command
                0x0000000087810fbc       0xd0 common/built-in.o
                0x0000000087810fbc                autoboot_command
 .text.display_text_info
                0x000000008781108c        0x8 common/built-in.o
 .text.setup_mon_len
                0x0000000087811094       0x20 common/built-in.o
 .text.reserve_round_4k
                0x00000000878110b4       0x18 common/built-in.o
 .text.reserve_mmu
                0x00000000878110cc       0x38 common/built-in.o
 .text.reserve_trace
                0x0000000087811104        0x8 common/built-in.o
 .text.reserve_uboot
                0x000000008781110c       0x30 common/built-in.o
 .text.reserve_malloc
                0x000000008781113c       0x18 common/built-in.o
 .text.setup_machine
                0x0000000087811154        0x8 common/built-in.o
 .text.reserve_global_data
                0x000000008781115c       0x1c common/built-in.o
 .text.reserve_fdt
                0x0000000087811178       0x4c common/built-in.o
 .text.display_new_sp
                0x00000000878111c4        0x8 common/built-in.o
 .text.initf_console_record
                0x00000000878111cc        0x8 common/built-in.o
 .text.reserve_arch
                0x00000000878111d4        0x8 common/built-in.o
                0x00000000878111d4                reserve_arch
 .text.arch_cpu_init_dm
                0x00000000878111dc        0x8 common/built-in.o
                0x00000000878111dc                arch_cpu_init_dm
 .text.announce_dram_init
                0x00000000878111e4       0x18 common/built-in.o
 .text.init_func_i2c
                0x00000000878111fc       0x28 common/built-in.o
 .text.init_baud_rate
                0x0000000087811224       0x2c common/built-in.o
 .text.mark_bootstage
                0x0000000087811250       0x14 common/built-in.o
 .text.initf_dm
                0x0000000087811264        0x8 common/built-in.o
 .text.setup_reloc
                0x000000008781126c       0x40 common/built-in.o
 .text.reloc_fdt
                0x00000000878112ac       0x44 common/built-in.o
 .text.reserve_board
                0x00000000878112f0       0x40 common/built-in.o
 .text.coloured_LED_init
                0x0000000087811330        0x4 common/built-in.o
                0x0000000087811330                coloured_LED_init
 .text.red_led_on
                0x0000000087811334        0x4 common/built-in.o
                0x0000000087811334                red_led_on
 .text.board_add_ram_info
                0x0000000087811338        0x4 common/built-in.o
                0x0000000087811338                board_add_ram_info
 .text.show_dram_config
                0x000000008781133c       0x38 common/built-in.o
 .text.dram_init_banksize
                0x0000000087811374       0x20 common/built-in.o
                0x0000000087811374                dram_init_banksize
 .text.setup_dram_config
                0x0000000087811394       0x10 common/built-in.o
 .text.board_get_usable_ram_top
                0x00000000878113a4       0x14 common/built-in.o
                0x00000000878113a4                board_get_usable_ram_top
 .text.board_reserve_ram_top
                0x00000000878113b8        0x4 common/built-in.o
                0x00000000878113b8                board_reserve_ram_top
 .text.setup_dest_addr
                0x00000000878113bc       0x4c common/built-in.o
 .text.reserve_stacks
                0x0000000087811408       0x1c common/built-in.o
 .text.board_init_f
                0x0000000087811424       0x28 common/built-in.o
                0x0000000087811424                board_init_f
 .text.bootstage_relocate
                0x000000008781144c        0x8 common/built-in.o
 .text.initr_trace
                0x0000000087811454        0x8 common/built-in.o
 .text.initr_reloc
                0x000000008781145c       0x18 common/built-in.o
 .text.initr_reloc_global_data
                0x0000000087811474       0x28 common/built-in.o
 .text.initr_barrier
                0x000000008781149c        0x8 common/built-in.o
 .text.initr_console_record
                0x00000000878114a4        0x8 common/built-in.o
 .text.initr_announce
                0x00000000878114ac        0x8 common/built-in.o
 .text.run_main_loop
                0x00000000878114b4        0xc common/built-in.o
 .text.initr_net
                0x00000000878114c0       0x1c common/built-in.o
 .text.initr_ethaddr
                0x00000000878114dc       0x20 common/built-in.o
 .text.initr_enable_interrupts
                0x00000000878114fc       0x10 common/built-in.o
 .text.initr_jumptable
                0x000000008781150c       0x10 common/built-in.o
 .text.initr_env
                0x000000008781151c       0x30 common/built-in.o
 .text.initr_mmc
                0x000000008781154c       0x20 common/built-in.o
 .text.initr_serial
                0x000000008781156c       0x10 common/built-in.o
 .text.initr_bootstage
                0x000000008781157c       0x14 common/built-in.o
 .text.initr_dm
                0x0000000087811590       0x14 common/built-in.o
 .text.initr_malloc
                0x00000000878115a4       0x24 common/built-in.o
 .text.initr_caches
                0x00000000878115c8       0x10 common/built-in.o
 .text.cpu_secondary_init_r
                0x00000000878115d8        0x4 common/built-in.o
                0x00000000878115d8                cpu_secondary_init_r
 .text.initr_secondary_cpu
                0x00000000878115dc       0x10 common/built-in.o
 .text.board_init_r
                0x00000000878115ec       0x14 common/built-in.o
                0x00000000878115ec                board_init_r
 .text.show_board_info
                0x0000000087811600        0x4 common/built-in.o
                0x0000000087811600                show_board_info
 .text.bootm_find_images
                0x0000000087811604       0xa8 common/built-in.o
                0x0000000087811604                bootm_find_images
 .text.bootm_decomp_image
                0x00000000878116ac      0x14c common/built-in.o
                0x00000000878116ac                bootm_decomp_image
 .text.bootm_disable_interrupts
                0x00000000878117f8       0x18 common/built-in.o
                0x00000000878117f8                bootm_disable_interrupts
 .text.do_bootm_states
                0x0000000087811810      0x74c common/built-in.o
                0x0000000087811810                do_bootm_states
 .text.copy_args
                0x0000000087811f5c       0x50 common/built-in.o
 .text.do_bootm_rtems
                0x0000000087811fac       0x40 common/built-in.o
 .text.do_bootm_plan9
                0x0000000087811fec       0xa4 common/built-in.o
 .text.do_bootm_standalone
                0x0000000087812090       0x64 common/built-in.o
 .text.do_bootm_qnxelf
                0x00000000878120f4       0x5c common/built-in.o
 .text.do_bootm_netbsd
                0x0000000087812150       0xf8 common/built-in.o
 .text.do_bootvx_fdt
                0x0000000087812248      0x118 common/built-in.o
                0x0000000087812248                do_bootvx_fdt
 .text.do_bootm_vxworks
                0x0000000087812360       0x24 common/built-in.o
 .text.boot_selected_os
                0x0000000087812384       0x58 common/built-in.o
                0x0000000087812384                boot_selected_os
 .text.bootm_os_get_boot_func
                0x00000000878123dc       0x10 common/built-in.o
                0x00000000878123dc                bootm_os_get_boot_func
 .text.regex_callback
                0x00000000878123ec      0x134 common/built-in.o
 .text.env_attr_walk
                0x0000000087812520      0x11c common/built-in.o
                0x0000000087812520                env_attr_walk
 .text.env_attr_lookup
                0x000000008781263c       0x84 common/built-in.o
                0x000000008781263c                env_attr_lookup
 .text.clear_callback
                0x00000000878126c0       0x10 common/built-in.o
 .text.find_env_callback
                0x00000000878126d0       0x68 common/built-in.o
 .text.on_callbacks
                0x0000000087812738       0x50 common/built-in.o
 .text.set_callback
                0x0000000087812788       0x98 common/built-in.o
 .text.env_callback_init
                0x0000000087812820       0xc4 common/built-in.o
                0x0000000087812820                env_callback_init
 .text.skip_num
                0x00000000878128e4       0x70 common/built-in.o
 .text.clear_flags
                0x0000000087812954       0x10 common/built-in.o
 .text.on_flags
                0x0000000087812964       0x50 common/built-in.o
 .text.env_flags_parse_vartype
                0x00000000878129b4       0x50 common/built-in.o
                0x00000000878129b4                env_flags_parse_vartype
 .text.env_flags_parse_varaccess
                0x0000000087812a04       0x58 common/built-in.o
                0x0000000087812a04                env_flags_parse_varaccess
 .text.set_flags
                0x0000000087812a5c       0xb0 common/built-in.o
 .text.eth_validate_ethaddr_str
                0x0000000087812b0c       0x94 common/built-in.o
                0x0000000087812b0c                eth_validate_ethaddr_str
 .text.env_flags_init
                0x0000000087812ba0       0xd8 common/built-in.o
                0x0000000087812ba0                env_flags_init
 .text.env_flags_validate
                0x0000000087812c78      0x2b8 common/built-in.o
                0x0000000087812c78                env_flags_validate
 .text.mmc_get_env_addr
                0x0000000087812f30       0x10 common/built-in.o
                0x0000000087812f30                mmc_get_env_addr
 .text.fini_mmc_for_env.isra.0
                0x0000000087812f40       0x1c common/built-in.o
 .text.env_init
                0x0000000087812f5c       0x1c common/built-in.o
                0x0000000087812f5c                env_init
 .text.init_mmc_for_env
                0x0000000087812f78       0x78 common/built-in.o
 .text.saveenv  0x0000000087812ff0      0x114 common/built-in.o
                0x0000000087812ff0                saveenv
 .text.env_relocate_spec
                0x0000000087813104       0xe0 common/built-in.o
                0x0000000087813104                env_relocate_spec
 .text.fdt_find_and_setprop
                0x00000000878131e4       0x70 common/built-in.o
                0x00000000878131e4                fdt_find_and_setprop
 .text.fdt_find_or_add_subnode
                0x0000000087813254       0x68 common/built-in.o
                0x0000000087813254                fdt_find_or_add_subnode
 .text.fdt_root
                0x00000000878132bc       0x90 common/built-in.o
                0x00000000878132bc                fdt_root
 .text.fdt_initrd
                0x000000008781334c      0x1cc common/built-in.o
                0x000000008781334c                fdt_initrd
 .text.fdt_chosen
                0x0000000087813518       0xa8 common/built-in.o
                0x0000000087813518                fdt_chosen
 .text.do_fixup_by_path
                0x00000000878135c0       0x54 common/built-in.o
                0x00000000878135c0                do_fixup_by_path
 .text.fdt_fixup_memory_banks
                0x0000000087813614      0x1b0 common/built-in.o
                0x0000000087813614                fdt_fixup_memory_banks
 .text.fdt_fixup_memory
                0x00000000878137c4       0x20 common/built-in.o
                0x00000000878137c4                fdt_fixup_memory
 .text.fdt_fixup_ethernet
                0x00000000878137e4      0x174 common/built-in.o
                0x00000000878137e4                fdt_fixup_ethernet
 .text.fdt_shrink_to_minimum
                0x0000000087813958       0xcc common/built-in.o
                0x0000000087813958                fdt_shrink_to_minimum
 .text.miiphy_get_dev_by_name
                0x0000000087813a24       0x60 common/built-in.o
                0x0000000087813a24                miiphy_get_dev_by_name
 .text.miiphy_init
                0x0000000087813a84       0x24 common/built-in.o
                0x0000000087813a84                miiphy_init
 .text.mdio_alloc
                0x0000000087813aa8       0x30 common/built-in.o
                0x0000000087813aa8                mdio_alloc
 .text.mdio_register
                0x0000000087813ad8       0x94 common/built-in.o
                0x0000000087813ad8                mdio_register
 .text.mdio_unregister
                0x0000000087813b6c       0x3c common/built-in.o
                0x0000000087813b6c                mdio_unregister
 .text.mdio_list_devices
                0x0000000087813ba8       0x98 common/built-in.o
                0x0000000087813ba8                mdio_list_devices
 .text.miiphy_set_current_dev
                0x0000000087813c40       0x40 common/built-in.o
                0x0000000087813c40                miiphy_set_current_dev
 .text.miiphy_get_active_dev
                0x0000000087813c80       0x54 common/built-in.o
 .text.mdio_get_current_dev
                0x0000000087813cd4       0x10 common/built-in.o
                0x0000000087813cd4                mdio_get_current_dev
 .text.mdio_phydev_for_ethname
                0x0000000087813ce4       0x88 common/built-in.o
                0x0000000087813ce4                mdio_phydev_for_ethname
 .text.miiphy_get_current_dev
                0x0000000087813d6c       0x18 common/built-in.o
                0x0000000087813d6c                miiphy_get_current_dev
 .text.miiphy_read
                0x0000000087813d84       0x4c common/built-in.o
                0x0000000087813d84                miiphy_read
 .text.miiphy_write
                0x0000000087813dd0       0x40 common/built-in.o
                0x0000000087813dd0                miiphy_write
 .text.miiphy_listdev
                0x0000000087813e10       0x74 common/built-in.o
                0x0000000087813e10                miiphy_listdev
 .text.miiphy_info
                0x0000000087813e84       0x88 common/built-in.o
                0x0000000087813e84                miiphy_info
 .text.miiphy_speed
                0x0000000087813f0c       0x94 common/built-in.o
                0x0000000087813f0c                miiphy_speed
 .text.miiphy_duplex
                0x0000000087813fa0       0x94 common/built-in.o
                0x0000000087813fa0                miiphy_duplex
 .text.miiphy_is_1000base_x
                0x0000000087814034        0x8 common/built-in.o
                0x0000000087814034                miiphy_is_1000base_x
 .text.usb_set_maxpacket_ep
                0x000000008781403c       0x70 common/built-in.o
 .text.usb_stop
                0x00000000878140ac       0x80 common/built-in.o
                0x00000000878140ac                usb_stop
 .text.usb_disable_asynch
                0x000000008781412c       0x20 common/built-in.o
                0x000000008781412c                usb_disable_asynch
 .text.usb_control_msg
                0x000000008781414c       0xc4 common/built-in.o
                0x000000008781414c                usb_control_msg
 .text.usb_get_descriptor
                0x0000000087814210       0x58 common/built-in.o
 .text.get_descriptor_len
                0x0000000087814268       0x90 common/built-in.o
 .text.usb_get_string
                0x00000000878142f8       0x70 common/built-in.o
 .text.usb_string_sub
                0x0000000087814368      0x108 common/built-in.o
 .text.usb_bulk_msg
                0x0000000087814470       0x78 common/built-in.o
                0x0000000087814470                usb_bulk_msg
 .text.usb_maxpacket
                0x00000000878144e8       0x1c common/built-in.o
                0x00000000878144e8                usb_maxpacket
 .text.usb_clear_halt
                0x0000000087814504       0x90 common/built-in.o
                0x0000000087814504                usb_clear_halt
 .text.usb_get_configuration_len
                0x0000000087814594       0x74 common/built-in.o
                0x0000000087814594                usb_get_configuration_len
 .text.usb_get_configuration_no
                0x0000000087814608       0x34 common/built-in.o
                0x0000000087814608                usb_get_configuration_no
 .text.usb_set_interface
                0x000000008781463c       0xb4 common/built-in.o
                0x000000008781463c                usb_set_interface
 .text.usb_string
                0x00000000878146f0      0x104 common/built-in.o
                0x00000000878146f0                usb_string
 .text.usb_get_dev_index
                0x00000000878147f4       0x24 common/built-in.o
                0x00000000878147f4                usb_get_dev_index
 .text.usb_alloc_new_device
                0x0000000087814818       0x9c common/built-in.o
                0x0000000087814818                usb_alloc_new_device
 .text.usb_free_device
                0x00000000878148b4       0x48 common/built-in.o
                0x00000000878148b4                usb_free_device
 .text.usb_alloc_device
                0x00000000878148fc        0x8 common/built-in.o
                0x00000000878148fc                usb_alloc_device
 .text.usb_select_config
                0x0000000087814904      0x458 common/built-in.o
                0x0000000087814904                usb_select_config
 .text.usb_setup_device
                0x0000000087814d5c      0x19c common/built-in.o
                0x0000000087814d5c                usb_setup_device
 .text.usb_new_device
                0x0000000087814ef8       0x34 common/built-in.o
                0x0000000087814ef8                usb_new_device
 .text.usb_init
                0x0000000087814f2c      0x168 common/built-in.o
                0x0000000087814f2c                usb_init
 .text.usb_device_has_child_on_port
                0x0000000087815094       0x14 common/built-in.o
                0x0000000087815094                usb_device_has_child_on_port
 .text.usb_find_usb2_hub_address_port
                0x00000000878150a8       0x5c common/built-in.o
                0x00000000878150a8                usb_find_usb2_hub_address_port
 .text.usb_set_port_feature
                0x0000000087815104       0x4c common/built-in.o
 .text.usb_clear_port_feature
                0x0000000087815150       0x4c common/built-in.o
 .text.usb_get_hub_descriptor
                0x000000008781519c       0x4c common/built-in.o
 .text.usb_hub_power_on
                0x00000000878151e8       0x6c common/built-in.o
 .text.usb_hub_reset_devices
                0x0000000087815254        0x4 common/built-in.o
                0x0000000087815254                usb_hub_reset_devices
 .text.usb_get_port_status
                0x0000000087815258       0x4c common/built-in.o
                0x0000000087815258                usb_get_port_status
 .text.usb_hub_reset
                0x00000000878152a4       0x14 common/built-in.o
                0x00000000878152a4                usb_hub_reset
 .text.legacy_hub_port_reset
                0x00000000878152b8       0xa0 common/built-in.o
                0x00000000878152b8                legacy_hub_port_reset
 .text.usb_hub_port_connect_change
                0x0000000087815358      0x16c common/built-in.o
                0x0000000087815358                usb_hub_port_connect_change
 .text.usb_hub_configure
                0x00000000878154c4      0x2d4 common/built-in.o
 .text.usb_hub_probe
                0x0000000087815798       0x54 common/built-in.o
                0x0000000087815798                usb_hub_probe
 .text.usb_stor_irq
                0x00000000878157ec       0x1c common/built-in.o
 .text.usb_stor_BBB_reset
                0x0000000087815808       0xd0 common/built-in.o
 .text.usb_stor_CB_reset
                0x00000000878158d8       0xd0 common/built-in.o
 .text.usb_stor_BBB_clear_endpt_stall.isra.0
                0x00000000878159a8       0x40 common/built-in.o
 .text.usb_stor_BBB_transport
                0x00000000878159e8      0x25c common/built-in.o
 .text.usb_stor_CB_comdat
                0x0000000087815c44      0x200 common/built-in.o
 .text.usb_stor_CBI_get_status.isra.2
                0x0000000087815e44       0xc8 common/built-in.o
 .text.usb_stor_CB_transport
                0x0000000087815f0c      0x228 common/built-in.o
 .text.usb_request_sense.constprop.8
                0x0000000087816134       0x70 common/built-in.o
 .text.usb_stor_read
                0x00000000878161a4      0x18c common/built-in.o
 .text.usb_stor_write
                0x0000000087816330      0x18c common/built-in.o
 .text.usb_stor_get_dev
                0x00000000878164bc       0x28 common/built-in.o
                0x00000000878164bc                usb_stor_get_dev
 .text.usb_stor_info
                0x00000000878164e4       0x74 common/built-in.o
                0x00000000878164e4                usb_stor_info
 .text.usb_storage_probe
                0x0000000087816558      0x204 common/built-in.o
                0x0000000087816558                usb_storage_probe
 .text.usb_stor_get_info
                0x000000008781675c      0x318 common/built-in.o
                0x000000008781675c                usb_stor_get_info
 .text.usb_stor_scan
                0x0000000087816a74      0x1ec common/built-in.o
                0x0000000087816a74                usb_stor_scan
 .text.splash_screen_prepare
                0x0000000087816c60        0x8 common/built-in.o
                0x0000000087816c60                splash_screen_prepare
 .text.splash_get_pos
                0x0000000087816c68       0x84 common/built-in.o
                0x0000000087816c68                splash_get_pos
 .text.env_get_char_spec
                0x0000000087816cec        0xc common/built-in.o
                0x0000000087816cec                env_get_char_spec
 .text.env_get_addr
                0x0000000087816cf8       0x20 common/built-in.o
                0x0000000087816cf8                env_get_addr
 .text.env_get_char_memory
                0x0000000087816d18       0x10 common/built-in.o
                0x0000000087816d18                env_get_char_memory
 .text.env_get_char
                0x0000000087816d28       0x30 common/built-in.o
                0x0000000087816d28                env_get_char
 .text.getenv_yesno
                0x0000000087816d58       0x40 common/built-in.o
                0x0000000087816d58                getenv_yesno
 .text.getenv_default
                0x0000000087816d98       0x30 common/built-in.o
                0x0000000087816d98                getenv_default
 .text.set_default_env
                0x0000000087816dc8       0xc0 common/built-in.o
                0x0000000087816dc8                set_default_env
 .text.set_default_vars
                0x0000000087816e88       0x38 common/built-in.o
                0x0000000087816e88                set_default_vars
 .text.env_import
                0x0000000087816ec0       0xdc common/built-in.o
                0x0000000087816ec0                env_import
 .text.env_export
                0x0000000087816f9c       0xa0 common/built-in.o
                0x0000000087816f9c                env_export
 .text.env_relocate
                0x000000008781703c       0x2c common/built-in.o
                0x000000008781703c                env_relocate
 .text.env_complete
                0x0000000087817068       0xdc common/built-in.o
                0x0000000087817068                env_complete
 .text.console_setfile
                0x0000000087817144       0xc0 common/built-in.o
 .text.serial_printf
                0x0000000087817204       0x44 common/built-in.o
                0x0000000087817204                serial_printf
 .text.puts     0x0000000087817248       0x34 common/built-in.o
                0x0000000087817248                puts
 .text.putc     0x000000008781727c       0x34 common/built-in.o
                0x000000008781727c                putc
 .text.fgetc    0x00000000878172b0       0x24 common/built-in.o
                0x00000000878172b0                fgetc
 .text.getc     0x00000000878172d4       0x24 common/built-in.o
                0x00000000878172d4                getc
 .text.ftstc    0x00000000878172f8       0x24 common/built-in.o
                0x00000000878172f8                ftstc
 .text.tstc     0x000000008781731c       0x24 common/built-in.o
                0x000000008781731c                tstc
 .text.ctrlc    0x0000000087817340       0x58 common/built-in.o
                0x0000000087817340                ctrlc
 .text.confirm_yesno
                0x0000000087817398       0xd4 common/built-in.o
                0x0000000087817398                confirm_yesno
 .text.had_ctrlc
                0x000000008781746c       0x10 common/built-in.o
                0x000000008781746c                had_ctrlc
 .text.clear_ctrlc
                0x000000008781747c       0x14 common/built-in.o
                0x000000008781747c                clear_ctrlc
 .text.search_device
                0x0000000087817490       0x28 common/built-in.o
                0x0000000087817490                search_device
 .text.console_assign
                0x00000000878174b8       0x48 common/built-in.o
                0x00000000878174b8                console_assign
 .text.on_console
                0x0000000087817500       0xb8 common/built-in.o
 .text.console_init_f
                0x00000000878175b8       0x10 common/built-in.o
                0x00000000878175b8                console_init_f
 .text.stdio_print_current_devices
                0x00000000878175c8       0xb0 common/built-in.o
                0x00000000878175c8                stdio_print_current_devices
 .text.console_init_r
                0x0000000087817678      0x180 common/built-in.o
                0x0000000087817678                console_init_r
 .text.sbrk     0x00000000878177f8       0x6c common/built-in.o
                0x00000000878177f8                sbrk
 .text.mem_malloc_init
                0x0000000087817864       0x34 common/built-in.o
                0x0000000087817864                mem_malloc_init
 .text.malloc_trim
                0x0000000087817898       0xcc common/built-in.o
                0x0000000087817898                malloc_trim
 .text.free     0x0000000087817964      0x248 common/built-in.o
                0x0000000087817964                free
 .text.malloc   0x0000000087817bac      0x61c common/built-in.o
                0x0000000087817bac                malloc
 .text.calloc   0x00000000878181c8      0x148 common/built-in.o
                0x00000000878181c8                calloc
 .text.realloc  0x0000000087818310      0x438 common/built-in.o
                0x0000000087818310                realloc
 .text.memalign
                0x0000000087818748      0x140 common/built-in.o
                0x0000000087818748                memalign
 .text.initf_malloc
                0x0000000087818888       0x18 common/built-in.o
                0x0000000087818888                initf_malloc
 .text.malloc_simple
                0x00000000878188a0       0x30 common/built-in.o
                0x00000000878188a0                malloc_simple
 .text.on_loadaddr
                0x00000000878188d0       0x38 common/built-in.o
 .text.image_check_hcrc
                0x0000000087818908       0x4c common/built-in.o
                0x0000000087818908                image_check_hcrc
 .text.image_check_dcrc
                0x0000000087818954       0x38 common/built-in.o
                0x0000000087818954                image_check_dcrc
 .text.image_multi_count
                0x000000008781898c       0x1c common/built-in.o
                0x000000008781898c                image_multi_count
 .text.image_multi_getimg
                0x00000000878189a8       0x80 common/built-in.o
                0x00000000878189a8                image_multi_getimg
 .text.getenv_bootm_low
                0x0000000087818a28       0x30 common/built-in.o
                0x0000000087818a28                getenv_bootm_low
 .text.getenv_bootm_size
                0x0000000087818a58       0x68 common/built-in.o
                0x0000000087818a58                getenv_bootm_size
 .text.getenv_bootm_mapsize
                0x0000000087818ac0       0x30 common/built-in.o
                0x0000000087818ac0                getenv_bootm_mapsize
 .text.memmove_wd
                0x0000000087818af0        0xc common/built-in.o
                0x0000000087818af0                memmove_wd
 .text.genimg_print_size
                0x0000000087818afc       0x30 common/built-in.o
                0x0000000087818afc                genimg_print_size
 .text.get_table_entry
                0x0000000087818b2c       0x24 common/built-in.o
                0x0000000087818b2c                get_table_entry
 .text.get_table_entry_name
                0x0000000087818b50       0x20 common/built-in.o
                0x0000000087818b50                get_table_entry_name
 .text.genimg_get_os_name
                0x0000000087818b70       0x18 common/built-in.o
                0x0000000087818b70                genimg_get_os_name
 .text.genimg_get_arch_name
                0x0000000087818b88       0x18 common/built-in.o
                0x0000000087818b88                genimg_get_arch_name
 .text.genimg_get_type_name
                0x0000000087818ba0       0x18 common/built-in.o
                0x0000000087818ba0                genimg_get_type_name
 .text.genimg_get_comp_name
                0x0000000087818bb8       0x18 common/built-in.o
                0x0000000087818bb8                genimg_get_comp_name
 .text.image_print_contents
                0x0000000087818bd0      0x174 common/built-in.o
                0x0000000087818bd0                image_print_contents
 .text.genimg_get_kernel_addr_fit
                0x0000000087818d44       0x24 common/built-in.o
                0x0000000087818d44                genimg_get_kernel_addr_fit
 .text.genimg_get_format
                0x0000000087818d68       0x34 common/built-in.o
                0x0000000087818d68                genimg_get_format
 .text.genimg_get_image
                0x0000000087818d9c        0x4 common/built-in.o
                0x0000000087818d9c                genimg_get_image
 .text.genimg_has_config
                0x0000000087818da0        0x8 common/built-in.o
                0x0000000087818da0                genimg_has_config
 .text.boot_get_ramdisk
                0x0000000087818da8      0x274 common/built-in.o
                0x0000000087818da8                boot_get_ramdisk
 .text.boot_ramdisk_high
                0x000000008781901c      0x138 common/built-in.o
                0x000000008781901c                boot_ramdisk_high
 .text.boot_get_setup
                0x0000000087819154        0x8 common/built-in.o
                0x0000000087819154                boot_get_setup
 .text.image_setup_linux
                0x000000008781915c       0x8c common/built-in.o
                0x000000008781915c                image_setup_linux
 .text.fdt_error
                0x00000000878191e8       0x2c common/built-in.o
 .text.boot_fdt_add_mem_rsv_regions
                0x0000000087819214       0x88 common/built-in.o
                0x0000000087819214                boot_fdt_add_mem_rsv_regions
 .text.boot_relocate_fdt
                0x000000008781929c      0x198 common/built-in.o
                0x000000008781929c                boot_relocate_fdt
 .text.boot_get_fdt
                0x0000000087819434      0x2b8 common/built-in.o
                0x0000000087819434                boot_get_fdt
 .text.ft_verify_fdt
                0x00000000878196ec        0x8 common/built-in.o
                0x00000000878196ec                ft_verify_fdt
 .text.image_setup_libfdt
                0x00000000878196f4      0x100 common/built-in.o
                0x00000000878196f4                image_setup_libfdt
 .text.get_effective_memsize
                0x00000000878197f4        0x8 common/built-in.o
                0x00000000878197f4                get_effective_memsize
 .text.nulldev_putc
                0x00000000878197fc        0x4 common/built-in.o
 .text.nulldev_puts
                0x0000000087819800        0x4 common/built-in.o
 .text.nulldev_input
                0x0000000087819804        0x8 common/built-in.o
 .text.stdio_serial_tstc
                0x000000008781980c        0x4 common/built-in.o
 .text.stdio_serial_getc
                0x0000000087819810        0x4 common/built-in.o
 .text.stdio_serial_puts
                0x0000000087819814        0x8 common/built-in.o
 .text.stdio_serial_putc
                0x000000008781981c        0x8 common/built-in.o
 .text.stdio_get_list
                0x0000000087819824        0xc common/built-in.o
                0x0000000087819824                stdio_get_list
 .text.stdio_get_by_name
                0x0000000087819830       0x5c common/built-in.o
                0x0000000087819830                stdio_get_by_name
 .text.stdio_clone
                0x000000008781988c       0x38 common/built-in.o
                0x000000008781988c                stdio_clone
 .text.stdio_register_dev
                0x00000000878198c4       0x50 common/built-in.o
                0x00000000878198c4                stdio_register_dev
 .text.stdio_register
                0x0000000087819914        0x8 common/built-in.o
                0x0000000087819914                stdio_register
 .text.stdio_init_tables
                0x000000008781991c       0x1c common/built-in.o
                0x000000008781991c                stdio_init_tables
 .text.stdio_add_devices
                0x0000000087819938       0xd4 common/built-in.o
                0x0000000087819938                stdio_add_devices
 .text.run_command
                0x0000000087819a0c       0x10 common/built-in.o
                0x0000000087819a0c                run_command
 .text.run_command_list
                0x0000000087819a1c       0x7c common/built-in.o
                0x0000000087819a1c                run_command_list
 .text.do_run   0x0000000087819a98       0x78 common/built-in.o
                0x0000000087819a98                do_run
 .text.cli_loop
                0x0000000087819b10        0xc common/built-in.o
                0x0000000087819b10                cli_loop
 .text.cli_init
                0x0000000087819b1c        0x4 common/built-in.o
                0x0000000087819b1c                cli_init
 .text.delete_char.part.0
                0x0000000087819b20       0xd0 common/built-in.o
 .text.cread_add_char
                0x0000000087819bf0       0xe8 common/built-in.o
 .text.cli_readline_into_buffer
                0x0000000087819cd8      0x9cc common/built-in.o
                0x0000000087819cd8                cli_readline_into_buffer
 .text.cli_readline
                0x000000008781a6a4       0x14 common/built-in.o
                0x000000008781a6a4                cli_readline
 .text.find_cmd_tbl
                0x000000008781a6b8       0xa4 common/built-in.o
                0x000000008781a6b8                find_cmd_tbl
 .text.find_cmd
                0x000000008781a75c       0x28 common/built-in.o
                0x000000008781a75c                find_cmd
 .text.cmd_usage
                0x000000008781a784       0x5c common/built-in.o
                0x000000008781a784                cmd_usage
 .text._do_help
                0x000000008781a7e0      0x178 common/built-in.o
                0x000000008781a7e0                _do_help
 .text.var_complete
                0x000000008781a958       0x84 common/built-in.o
                0x000000008781a958                var_complete
 .text.cmd_auto_complete
                0x000000008781a9dc      0x4b4 common/built-in.o
                0x000000008781a9dc                cmd_auto_complete
 .text.cmd_get_data_size
                0x000000008781ae90       0x5c common/built-in.o
                0x000000008781ae90                cmd_get_data_size
 .text.cmd_process
                0x000000008781aeec       0xe8 common/built-in.o
                0x000000008781aeec                cmd_process
 .text.cmd_process_error
                0x000000008781afd4       0x30 common/built-in.o
                0x000000008781afd4                cmd_process_error
 .text.hex1_bin
                0x000000008781b004       0x40 common/built-in.o
 .text.hex2_bin
                0x000000008781b044       0x38 common/built-in.o
 .text.srec_decode
                0x000000008781b07c      0x254 common/built-in.o
                0x000000008781b07c                srec_decode
 .text.CYGACC_COMM_IF_GETC_TIMEOUT.isra.0
                0x000000008781b2d0       0x5c common/built-in.o
 .text.xyzModem_flush
                0x000000008781b32c       0x1c common/built-in.o
 .text.xyzModem_get_hdr
                0x000000008781b348      0x22c common/built-in.o
 .text.xyzModem_stream_open
                0x000000008781b574      0x23c common/built-in.o
                0x000000008781b574                xyzModem_stream_open
 .text.xyzModem_stream_read
                0x000000008781b7b0      0x258 common/built-in.o
                0x000000008781b7b0                xyzModem_stream_read
 .text.xyzModem_stream_close
                0x000000008781ba08       0x54 common/built-in.o
                0x000000008781ba08                xyzModem_stream_close
 .text.xyzModem_stream_terminate
                0x000000008781ba5c       0x94 common/built-in.o
                0x000000008781ba5c                xyzModem_stream_terminate
 .text.xyzModem_error
                0x000000008781baf0       0x20 common/built-in.o
                0x000000008781baf0                xyzModem_error
 .text.get_dev_hwpart
                0x000000008781bb10       0xb0 disk/built-in.o
 .text.dev_print
                0x000000008781bbc0      0x210 disk/built-in.o
                0x000000008781bbc0                dev_print
 .text.init_part
                0x000000008781bdd0       0x20 disk/built-in.o
                0x000000008781bdd0                init_part
 .text.print_part
                0x000000008781bdf0       0xf4 disk/built-in.o
                0x000000008781bdf0                print_part
 .text.get_partition_info
                0x000000008781bee4       0x2c disk/built-in.o
                0x000000008781bee4                get_partition_info
 .text.get_device
                0x000000008781bf10      0x128 disk/built-in.o
                0x000000008781bf10                get_device
 .text.get_device_and_partition
                0x000000008781c038      0x404 disk/built-in.o
                0x000000008781c038                get_device_and_partition
 .text.test_block_type
                0x000000008781c43c       0x84 disk/built-in.o
 .text.print_partition_extended
                0x000000008781c4c0      0x274 disk/built-in.o
 .text.get_partition_info_extended.constprop.2
                0x000000008781c734      0x2fc disk/built-in.o
 .text.test_part_dos
                0x000000008781ca30       0x60 disk/built-in.o
                0x000000008781ca30                test_part_dos
 .text.print_part_dos
                0x000000008781ca90       0x34 disk/built-in.o
                0x000000008781ca90                print_part_dos
 .text.get_partition_info_dos
                0x000000008781cac4       0x20 disk/built-in.o
                0x000000008781cac4                get_partition_info_dos
 .text.alloc_priv
                0x000000008781cae4       0x48 drivers/built-in.o
 .text.device_bind
                0x000000008781cb2c      0x304 drivers/built-in.o
                0x000000008781cb2c                device_bind
 .text.device_bind_by_name
                0x000000008781ce30       0x60 drivers/built-in.o
                0x000000008781ce30                device_bind_by_name
 .text.device_probe
                0x000000008781ce90      0x234 drivers/built-in.o
                0x000000008781ce90                device_probe
 .text.dev_get_platdata
                0x000000008781d0c4       0x34 drivers/built-in.o
                0x000000008781d0c4                dev_get_platdata
 .text.dev_get_priv
                0x000000008781d0f8       0x34 drivers/built-in.o
                0x000000008781d0f8                dev_get_priv
 .text.lists_driver_lookup_name
                0x000000008781d12c       0x4c drivers/built-in.o
                0x000000008781d12c                lists_driver_lookup_name
 .text.lists_uclass_lookup
                0x000000008781d178       0x3c drivers/built-in.o
                0x000000008781d178                lists_uclass_lookup
 .text.lists_bind_drivers
                0x000000008781d1b4       0x88 drivers/built-in.o
                0x000000008781d1b4                lists_bind_drivers
 .text.dm_root  0x000000008781d23c       0x28 drivers/built-in.o
                0x000000008781d23c                dm_root
 .text.dm_init  0x000000008781d264       0x58 drivers/built-in.o
                0x000000008781d264                dm_init
 .text.dm_scan_platdata
                0x000000008781d2bc       0x2c drivers/built-in.o
                0x000000008781d2bc                dm_scan_platdata
 .text.dm_scan_other
                0x000000008781d2e8        0x8 drivers/built-in.o
                0x000000008781d2e8                dm_scan_other
 .text.dm_init_and_scan
                0x000000008781d2f0       0x30 drivers/built-in.o
                0x000000008781d2f0                dm_init_and_scan
 .text.uclass_find
                0x000000008781d320       0x4c drivers/built-in.o
                0x000000008781d320                uclass_find
 .text.uclass_get
                0x000000008781d36c      0x124 drivers/built-in.o
                0x000000008781d36c                uclass_get
 .text.uclass_find_device
                0x000000008781d490       0x74 drivers/built-in.o
                0x000000008781d490                uclass_find_device
 .text.uclass_find_device_by_seq
                0x000000008781d504       0x7c drivers/built-in.o
                0x000000008781d504                uclass_find_device_by_seq
 .text.uclass_get_device_tail
                0x000000008781d580       0x2c drivers/built-in.o
                0x000000008781d580                uclass_get_device_tail
 .text.uclass_get_device
                0x000000008781d5ac       0x30 drivers/built-in.o
                0x000000008781d5ac                uclass_get_device
 .text.uclass_bind_device
                0x000000008781d5dc       0x7c drivers/built-in.o
                0x000000008781d5dc                uclass_bind_device
 .text.uclass_unbind_device
                0x000000008781d658       0x4c drivers/built-in.o
                0x000000008781d658                uclass_unbind_device
 .text.uclass_resolve_seq
                0x000000008781d6a4       0xb0 drivers/built-in.o
                0x000000008781d6a4                uclass_resolve_seq
 .text.uclass_pre_probe_device
                0x000000008781d754       0x64 drivers/built-in.o
                0x000000008781d754                uclass_pre_probe_device
 .text.uclass_post_probe_device
                0x000000008781d7b8       0x20 drivers/built-in.o
                0x000000008781d7b8                uclass_post_probe_device
 .text.uclass_pre_remove_device
                0x000000008781d7d8       0x20 drivers/built-in.o
                0x000000008781d7d8                uclass_pre_remove_device
 .text.dm_warn  0x000000008781d7f8       0x28 drivers/built-in.o
                0x000000008781d7f8                dm_warn
 .text.device_free
                0x000000008781d820       0x90 drivers/built-in.o
                0x000000008781d820                device_free
 .text.device_remove
                0x000000008781d8b0      0x138 drivers/built-in.o
                0x000000008781d8b0                device_remove
 .text.show_devices
                0x000000008781d9e8       0xfc drivers/built-in.o
 .text.dm_dump_all
                0x000000008781dae4       0x3c drivers/built-in.o
                0x000000008781dae4                dm_dump_all
 .text.dm_dump_uclass
                0x000000008781db20       0xdc drivers/built-in.o
                0x000000008781db20                dm_dump_uclass
 .text.finish_access
                0x000000008781dbfc       0x2c drivers/built-in.o
 .text.prepare_access
                0x000000008781dc28       0xcc drivers/built-in.o
 .text.setup_direct_access
                0x000000008781dcf4      0x120 drivers/built-in.o
 .text.fuse_bank_physical
                0x000000008781de14       0xd4 drivers/built-in.o
                0x000000008781de14                fuse_bank_physical
 .text.fuse_word_physical
                0x000000008781dee8       0x40 drivers/built-in.o
                0x000000008781dee8                fuse_word_physical
 .text.fuse_read
                0x000000008781df28       0x80 drivers/built-in.o
                0x000000008781df28                fuse_read
 .text.fuse_sense
                0x000000008781dfa8       0x94 drivers/built-in.o
                0x000000008781dfa8                fuse_sense
 .text.fuse_prog
                0x000000008781e03c       0x88 drivers/built-in.o
                0x000000008781e03c                fuse_prog
 .text.fuse_override
                0x000000008781e0c4       0x78 drivers/built-in.o
                0x000000008781e0c4                fuse_override
 .text.video_drawchars
                0x000000008781e13c      0x44c drivers/built-in.o
 .text.video_invertchar
                0x000000008781e588       0x74 drivers/built-in.o
 .text.draw_bitmap
                0x000000008781e5fc       0xdc drivers/built-in.o
 .text.console_newline.constprop.2
                0x000000008781e6d8       0xe0 drivers/built-in.o
 .text.board_cfb_skip
                0x000000008781e7b8        0x8 drivers/built-in.o
                0x000000008781e7b8                board_cfb_skip
 .text.console_cursor
                0x000000008781e7c0       0xcc drivers/built-in.o
                0x000000008781e7c0                console_cursor
 .text.video_putc
                0x000000008781e88c      0x1c4 drivers/built-in.o
 .text.video_puts
                0x000000008781ea50       0x7c drivers/built-in.o
 .text.video_set_lut
                0x000000008781eacc        0x4 drivers/built-in.o
                0x000000008781eacc                video_set_lut
 .text.display_rle8_bitmap
                0x000000008781ead0      0x374 drivers/built-in.o
 .text.plot_logo_or_black
                0x000000008781ee44      0x284 drivers/built-in.o
 .text.do_clrlogo
                0x000000008781f0c8       0x44 drivers/built-in.o
 .text.video_display_bitmap
                0x000000008781f10c      0x988 drivers/built-in.o
                0x000000008781f10c                video_display_bitmap
 .text.video_clear
                0x000000008781fa94       0x54 drivers/built-in.o
                0x000000008781fa94                video_clear
 .text.drv_video_init
                0x000000008781fae8      0x424 drivers/built-in.o
                0x000000008781fae8                drv_video_init
 .text.mxsfb_system_setup
                0x000000008781ff0c        0x4 drivers/built-in.o
                0x000000008781ff0c                mxsfb_system_setup
 .text.mxs_lcd_panel_setup
                0x000000008781ff10       0x78 drivers/built-in.o
                0x000000008781ff10                mxs_lcd_panel_setup
 .text.lcdif_power_down
                0x000000008781ff88       0x5c drivers/built-in.o
                0x000000008781ff88                lcdif_power_down
 .text.video_hw_init
                0x000000008781ffe4      0x378 drivers/built-in.o
                0x000000008781ffe4                video_hw_init
 .text.video_get_param_len.constprop.1
                0x000000008782035c       0x20 drivers/built-in.o
 .text.video_get_params
                0x000000008782037c      0x4e0 drivers/built-in.o
                0x000000008782037c                video_get_params
 .text.reset_cpu
                0x000000008782085c       0x48 drivers/built-in.o
                0x000000008782085c                reset_cpu
 .text.thermal_get_temp
                0x00000000878208a4       0x20 drivers/built-in.o
                0x00000000878208a4                thermal_get_temp
 .text.read_cpu_temperature
                0x00000000878208c4      0x144 drivers/built-in.o
 .text.imx_thermal_get_temp
                0x0000000087820a08       0x64 drivers/built-in.o
                0x0000000087820a08                imx_thermal_get_temp
 .text.imx_thermal_probe
                0x0000000087820a6c       0xc8 drivers/built-in.o
 .text.gpio_set_value
                0x0000000087820b34       0x44 drivers/gpio/built-in.o
                0x0000000087820b34                gpio_set_value
 .text.gpio_get_value
                0x0000000087820b78       0x34 drivers/gpio/built-in.o
                0x0000000087820b78                gpio_get_value
 .text.gpio_request
                0x0000000087820bac       0x10 drivers/gpio/built-in.o
                0x0000000087820bac                gpio_request
 .text.gpio_free
                0x0000000087820bbc        0x8 drivers/gpio/built-in.o
                0x0000000087820bbc                gpio_free
 .text.gpio_direction_input
                0x0000000087820bc4       0x3c drivers/gpio/built-in.o
                0x0000000087820bc4                gpio_direction_input
 .text.gpio_direction_output
                0x0000000087820c00       0x50 drivers/gpio/built-in.o
                0x0000000087820c00                gpio_direction_output
 .text.i2c_get_adapter
                0x0000000087820c50       0x64 drivers/i2c/built-in.o
                0x0000000087820c50                i2c_get_adapter
 .text.i2c_init_bus
                0x0000000087820cb4       0x90 drivers/i2c/built-in.o
 .text.i2c_get_bus_num
                0x0000000087820d44        0x8 drivers/i2c/built-in.o
                0x0000000087820d44                i2c_get_bus_num
 .text.i2c_set_bus_num
                0x0000000087820d4c       0xb8 drivers/i2c/built-in.o
                0x0000000087820d4c                i2c_set_bus_num
 .text.i2c_init_all
                0x0000000087820e04       0x14 drivers/i2c/built-in.o
                0x0000000087820e04                i2c_init_all
 .text.i2c_probe
                0x0000000087820e18       0x2c drivers/i2c/built-in.o
                0x0000000087820e18                i2c_probe
 .text.i2c_read
                0x0000000087820e44       0x4c drivers/i2c/built-in.o
                0x0000000087820e44                i2c_read
 .text.i2c_write
                0x0000000087820e90       0x4c drivers/i2c/built-in.o
                0x0000000087820e90                i2c_write
 .text.i2c_set_bus_speed
                0x0000000087820edc       0x64 drivers/i2c/built-in.o
                0x0000000087820edc                i2c_set_bus_speed
 .text.i2c_get_bus_speed
                0x0000000087820f40       0x14 drivers/i2c/built-in.o
                0x0000000087820f40                i2c_get_bus_speed
 .text.i2c_init
                0x0000000087820f54       0x14 drivers/i2c/built-in.o
                0x0000000087820f54                i2c_init
 .text.wait_for_sr_state
                0x0000000087820f68      0x100 drivers/i2c/built-in.o
 .text.tx_byte  0x0000000087821068       0x50 drivers/i2c/built-in.o
 .text.bus_i2c_set_bus_speed
                0x00000000878210b8       0xb4 drivers/i2c/built-in.o
 .text.mxc_i2c_set_bus_speed
                0x000000008782116c       0x18 drivers/i2c/built-in.o
 .text.i2c_imx_stop
                0x0000000087821184       0x50 drivers/i2c/built-in.o
 .text.__i2c_force_reset_slave
                0x00000000878211d4        0x4 drivers/i2c/built-in.o
                0x00000000878211d4                __i2c_force_reset_slave
                0x00000000878211d4                i2c_force_reset_slave
 .text.i2c_idle_bus
                0x00000000878211d8       0x24 drivers/i2c/built-in.o
                0x00000000878211d8                i2c_idle_bus
 .text.i2c_init_transfer
                0x00000000878211fc      0x224 drivers/i2c/built-in.o
 .text.mxc_i2c_probe
                0x0000000087821420       0x40 drivers/i2c/built-in.o
 .text.mxc_i2c_read
                0x0000000087821460      0x184 drivers/i2c/built-in.o
 .text.mxc_i2c_write
                0x00000000878215e4       0x68 drivers/i2c/built-in.o
 .text.bus_i2c_init
                0x000000008782164c       0x70 drivers/i2c/built-in.o
                0x000000008782164c                bus_i2c_init
 .text.mxc_i2c_init
                0x00000000878216bc       0x1c drivers/i2c/built-in.o